===== coserver (c6, tc=dnf_toolchain_44.cmake, DNF_TC_ROOT=/home/wangyilei/dnf_workspace/dnf_decompile/toolchains, -j6) =====
[1/33] Building CXX object CMakeFiles/coserver.dir/home/wangyilei/dnf_workspace/dnf_decompile/source/DNFServer/ServerCommon/CFileLogWriterBase.cpp.o
[2/33] Building CXX object CMakeFiles/coserver.dir/home/wangyilei/dnf_workspace/dnf_decompile/source/DNFServer/GameServer/COServer/DNFAppConfig.cpp.o
/home/wangyilei/dnf_workspace/dnf_decompile/source/DNFServer/GameServer/COServer/DNFAppConfig.cpp: In member function ‘virtual bool CAppConfig::Parse_Table(char*, int)’:
/home/wangyilei/dnf_workspace/dnf_decompile/source/DNFServer/GameServer/COServer/DNFAppConfig.cpp:43: 警告： 已弃用从字符串常量到‘char*’的转换
[3/33] Building CXX object CMakeFiles/coserver.dir/home/wangyilei/dnf_workspace/dnf_decompile/source/DNFServer/GameServer/COServer/DNFAppStopInit.cpp.o
[4/33] Building CXX object CMakeFiles/coserver.dir/home/wangyilei/dnf_workspace/dnf_decompile/source/DNFServer/GameServer/COServer/DNFAppStartInit.cpp.o
[5/33] Building CXX object CMakeFiles/coserver.dir/home/wangyilei/dnf_workspace/dnf_decompile/source/DNFServer/GameServer/COServer/DNFAppThread.cpp.o
[6/33] Building CXX object CMakeFiles/coserver.dir/home/wangyilei/dnf_workspace/dnf_decompile/source/DNFServer/GameServer/COServer/DNFApplication.cpp.o
[7/33] Building CXX object CMakeFiles/coserver.dir/home/wangyilei/dnf_workspace/dnf_decompile/source/DNFServer/GameServer/COServer/DNFGameServer.cpp.o
[8/33] Building CXX object CMakeFiles/coserver.dir/home/wangyilei/dnf_workspace/dnf_decompile/source/DNFServer/ServerCommon/DNFFileLog.cpp.o
[9/33] Building CXX object CMakeFiles/coserver.dir/home/wangyilei/dnf_workspace/dnf_decompile/source/DNFServer/ServerCommon/DNFFunctionLib.cpp.o
[10/33] Building CXX object CMakeFiles/coserver.dir/home/wangyilei/dnf_workspace/dnf_decompile/source/DNFServer/GameServer/COServer/DNFKillUserConfig.cpp.o
/home/wangyilei/dnf_workspace/dnf_decompile/source/DNFServer/GameServer/COServer/DNFKillUserConfig.cpp: In member function ‘virtual bool CKillUSRConfig::Parse_Table(char*, int)’:
/home/wangyilei/dnf_workspace/dnf_decompile/source/DNFServer/GameServer/COServer/DNFKillUserConfig.cpp:55: 警告： 已弃用从字符串常量到‘char*’的转换
[11/33] Building CXX object CMakeFiles/coserver.dir/home/wangyilei/dnf_workspace/dnf_decompile/source/DNFServer/GameServer/COServer/DNFNetworkThread.cpp.o
[12/33] Building CXX object CMakeFiles/coserver.dir/home/wangyilei/dnf_workspace/dnf_decompile/source/DNFServer/GameServer/COServer/DNFPacket.cpp.o
[13/33] Building CXX object CMakeFiles/coserver.dir/home/wangyilei/dnf_workspace/dnf_decompile/source/DNFServer/GameServer/COServer/DNFPacketDecoder.cpp.o
[14/33] Building CXX object CMakeFiles/coserver.dir/home/wangyilei/dnf_workspace/dnf_decompile/source/DNFServer/GameServer/COServer/DNFPacketTracer.cpp.o
[15/33] Building CXX object CMakeFiles/coserver.dir/home/wangyilei/dnf_workspace/dnf_decompile/source/DNFServer/GameServer/COServer/DNFServerConfig.cpp.o
/home/wangyilei/dnf_workspace/dnf_decompile/source/DNFServer/GameServer/COServer/DNFServerConfig.cpp: In member function ‘virtual bool CServerConfig::Parse_Table(char*, int)’:
/home/wangyilei/dnf_workspace/dnf_decompile/source/DNFServer/GameServer/COServer/DNFServerConfig.cpp:26: 警告： 已弃用从字符串常量到‘char*’的转换
[16/33] Building CXX object CMakeFiles/coserver.dir/home/wangyilei/dnf_workspace/dnf_decompile/source/DNFServer/GameServer/COServer/DNFPacketTranslater.cpp.o
[17/33] Building CXX object CMakeFiles/coserver.dir/home/wangyilei/dnf_workspace/dnf_decompile/source/DNFServer/GameServer/COServer/DNFThreadInterface.cpp.o
[18/33] Building CXX object CMakeFiles/coserver.dir/home/wangyilei/dnf_workspace/dnf_decompile/source/DNFServer/GameServer/COServer/DNFSignal.cpp.o
[19/33] Building CXX object CMakeFiles/coserver.dir/home/wangyilei/dnf_workspace/dnf_decompile/source/DNFServer/GameServer/COServer/DNFSignalTranslator.cpp.o
[20/33] Building CXX object CMakeFiles/coserver.dir/home/wangyilei/dnf_workspace/dnf_decompile/source/DNFServer/GameServer/COServer/DNFServerHandler.cpp.o
[21/33] Building CXX object CMakeFiles/coserver.dir/home/wangyilei/dnf_workspace/dnf_decompile/source/DNFServer/GameServer/COServer/DNFTableBase.cpp.o
[22/33] Building CXX object CMakeFiles/coserver.dir/home/wangyilei/dnf_workspace/dnf_decompile/source/DNFServer/GameServer/COServer/DNFTickHandler.cpp.o
[23/33] Building CXX object CMakeFiles/coserver.dir/home/wangyilei/dnf_workspace/dnf_decompile/source/DNFServer/GameServer/COServer/DNFUdpHandler.cpp.o
[24/33] Building CXX object CMakeFiles/coserver.dir/home/wangyilei/dnf_workspace/dnf_decompile/source/DNFServer/GameServer/COServer/DNFUser.cpp.o
[25/33] Building CXX object CMakeFiles/coserver.dir/home/wangyilei/dnf_workspace/dnf_decompile/source/shared/packet/src/PacketHeader.cpp.o
[26/33] Building CXX object CMakeFiles/coserver.dir/home/wangyilei/dnf_workspace/dnf_decompile/source/DNFServer/GameServer/COServer/DNFUdpRecvBuffer.cpp.o
[27/33] Building CXX object CMakeFiles/coserver.dir/home/wangyilei/dnf_workspace/dnf_decompile/source/DNFServer/GameServer/COServer/DNFUser1Sig.cpp.o
[28/33] Building CXX object CMakeFiles/coserver.dir/home/wangyilei/dnf_workspace/dnf_decompile/source/DNFServer/GameServer/COServer/DNFUserInOutCounter.cpp.o
[29/33] Building CXX object CMakeFiles/coserver.dir/home/wangyilei/dnf_workspace/dnf_decompile/source/DNFServer/ServerCommon/Thread.cpp.o
[30/33] Building CXX object CMakeFiles/coserver.dir/home/wangyilei/dnf_workspace/dnf_decompile/source/DNFServer/GameServer/COServer/DNFUserManager.cpp.o
[31/33] Building CXX object CMakeFiles/coserver.dir/home/wangyilei/dnf_workspace/dnf_decompile/source/DNFServer/GameServer/COServer/DNFVersion.cpp.o
/home/wangyilei/dnf_workspace/dnf_decompile/source/DNFServer/GameServer/COServer/DNFVersion.cpp: In constructor ‘CSourceVersionMgr::CSourceVersionMgr()’:
/home/wangyilei/dnf_workspace/dnf_decompile/source/DNFServer/GameServer/COServer/DNFVersion.cpp:17: 警告： 已弃用从字符串常量到‘char*’的转换
/home/wangyilei/dnf_workspace/dnf_decompile/source/DNFServer/GameServer/COServer/DNFVersion.cpp:18: 警告： 已弃用从字符串常量到‘char*’的转换
[32/33] Building CXX object CMakeFiles/coserver.dir/home/wangyilei/dnf_workspace/dnf_decompile/source/DNFServer/GameServer/COServer/SystemTimeHandler.cpp.o
[33/33] Linking CXX executable df_coserver_r
OK -> /home/wangyilei/dnf_workspace/dnf_decompile/build/coserver/df_coserver_r
