===== manager (c6, tc=dnf_toolchain_44.cmake, DNF_TC_ROOT=/home/wangyilei/dnf_workspace/dnf_decompile/toolchains, -j12) =====
[1/80] Building CXX object CMakeFiles/manager.dir/home/wangyilei/dnf_workspace/dnf_decompile/source/DNFServer/GameServer/Manager/DNFMonitorServer.cpp.o
[2/80] Building CXX object CMakeFiles/manager.dir/home/wangyilei/dnf_workspace/dnf_decompile/source/DNFServer/GameServer/Manager/DBManager.cpp.o
/home/wangyilei/dnf_workspace/dnf_decompile/source/DNFServer/GameServer/Manager/DBManager.cpp: In member function ‘bool CDBManager::UpdateQueryCount(unsigned int, int, int)’:
/home/wangyilei/dnf_workspace/dnf_decompile/source/DNFServer/GameServer/Manager/DBManager.cpp:58: 警告： 已弃用从字符串常量到‘char*’的转换
/home/wangyilei/dnf_workspace/dnf_decompile/source/DNFServer/GameServer/Manager/DBManager.cpp: In member function ‘char CDBManager::SelectTest()’:
/home/wangyilei/dnf_workspace/dnf_decompile/source/DNFServer/GameServer/Manager/DBManager.cpp:72: 警告： 已弃用从字符串常量到‘char*’的转换
[3/80] Building CXX object CMakeFiles/manager.dir/home/wangyilei/dnf_workspace/dnf_decompile/source/DNFServer/ServerCommon/CFileLogWriterBase.cpp.o
[4/80] Building CXX object CMakeFiles/manager.dir/home/wangyilei/dnf_workspace/dnf_decompile/source/DNFServer/GameServer/Manager/DNFAppConfig.cpp.o
/home/wangyilei/dnf_workspace/dnf_decompile/source/DNFServer/GameServer/Manager/DNFAppConfig.cpp: In member function ‘virtual bool CAppConfig::Parse_Table(char*, int)’:
/home/wangyilei/dnf_workspace/dnf_decompile/source/DNFServer/GameServer/Manager/DNFAppConfig.cpp:31: 警告： 已弃用从字符串常量到‘char*’的转换
[5/80] Building CXX object CMakeFiles/manager.dir/home/wangyilei/dnf_workspace/dnf_decompile/source/DNFServer/GameServer/Manager/DNFAppStopInit.cpp.o
[6/80] Building CXX object CMakeFiles/manager.dir/home/wangyilei/dnf_workspace/dnf_decompile/source/DNFServer/GameServer/Manager/DNFFloatingPointExceptSig.cpp.o
[7/80] Building CXX object CMakeFiles/manager.dir/home/wangyilei/dnf_workspace/dnf_decompile/source/DNFServer/GameServer/Manager/DNFManagerServerMain.cpp.o
[8/80] Building CXX object CMakeFiles/manager.dir/home/wangyilei/dnf_workspace/dnf_decompile/source/DNFServer/GameServer/Manager/DNFKillUserConfig.cpp.o
/home/wangyilei/dnf_workspace/dnf_decompile/source/DNFServer/GameServer/Manager/DNFKillUserConfig.cpp: In member function ‘virtual bool CKillUSRConfig::Parse_Table(char*, int)’:
/home/wangyilei/dnf_workspace/dnf_decompile/source/DNFServer/GameServer/Manager/DNFKillUserConfig.cpp:40: 警告： 已弃用从字符串常量到‘char*’的转换
[9/80] Building CXX object CMakeFiles/manager.dir/home/wangyilei/dnf_workspace/dnf_decompile/source/DNFServer/ServerCommon/DNFFileLog.cpp.o
[10/80] Building CXX object CMakeFiles/manager.dir/home/wangyilei/dnf_workspace/dnf_decompile/source/DNFServer/ServerCommon/DNFFunctionLib.cpp.o
[11/80] Building CXX object CMakeFiles/manager.dir/home/wangyilei/dnf_workspace/dnf_decompile/source/DNFServer/GameServer/Manager/DNFAppStartInit.cpp.o
[12/80] Building CXX object CMakeFiles/manager.dir/home/wangyilei/dnf_workspace/dnf_decompile/source/DNFServer/GameServer/Manager/DNFMySql.cpp.o
[13/80] Building CXX object CMakeFiles/manager.dir/home/wangyilei/dnf_workspace/dnf_decompile/source/DNFServer/GameServer/Manager/DNFPacketTracer.cpp.o
[14/80] Building CXX object CMakeFiles/manager.dir/home/wangyilei/dnf_workspace/dnf_decompile/source/DNFServer/GameServer/Manager/DNFApplication.cpp.o
/home/wangyilei/dnf_workspace/dnf_decompile/source/DNFServer/GameServer/Manager/DNFApplication.cpp: In constructor ‘CSourceVersionMgr::CSourceVersionMgr()’:
/home/wangyilei/dnf_workspace/dnf_decompile/source/DNFServer/GameServer/Manager/DNFApplication.cpp:421: 警告： 已弃用从字符串常量到‘char*’的转换
/home/wangyilei/dnf_workspace/dnf_decompile/source/DNFServer/GameServer/Manager/DNFApplication.cpp:422: 警告： 已弃用从字符串常量到‘char*’的转换
[15/80] Building CXX object CMakeFiles/manager.dir/home/wangyilei/dnf_workspace/dnf_decompile/source/DNFServer/GameServer/Manager/DNFServerConfig.cpp.o
/home/wangyilei/dnf_workspace/dnf_decompile/source/DNFServer/GameServer/Manager/DNFServerConfig.cpp: In member function ‘virtual bool CServerConfig::Parse_Table(char*, int)’:
/home/wangyilei/dnf_workspace/dnf_decompile/source/DNFServer/GameServer/Manager/DNFServerConfig.cpp:33: 警告： 已弃用从字符串常量到‘char*’的转换
[16/80] Building CXX object CMakeFiles/manager.dir/home/wangyilei/dnf_workspace/dnf_decompile/source/DNFServer/GameServer/Manager/DNFSegmentationFaultSig.cpp.o
[17/80] Building CXX object CMakeFiles/manager.dir/home/wangyilei/dnf_workspace/dnf_decompile/source/DNFServer/GameServer/Manager/DNFNetworkThread.cpp.o
[18/80] Building CXX object CMakeFiles/manager.dir/home/wangyilei/dnf_workspace/dnf_decompile/source/DNFServer/GameServer/Manager/DNFPacketDecoder.cpp.o
[19/80] Building CXX object CMakeFiles/manager.dir/home/wangyilei/dnf_workspace/dnf_decompile/source/DNFServer/GameServer/Manager/DNFSignal.cpp.o
[20/80] Building CXX object CMakeFiles/manager.dir/home/wangyilei/dnf_workspace/dnf_decompile/source/DNFServer/GameServer/Manager/DNFTcpHandler.cpp.o
[21/80] Building CXX object CMakeFiles/manager.dir/home/wangyilei/dnf_workspace/dnf_decompile/source/DNFServer/GameServer/Manager/DNFSignalTranslator.cpp.o
[22/80] Building CXX object CMakeFiles/manager.dir/home/wangyilei/dnf_workspace/dnf_decompile/source/DNFServer/GameServer/Manager/DNFTableBase.cpp.o
[23/80] Building CXX object CMakeFiles/manager.dir/home/wangyilei/dnf_workspace/dnf_decompile/source/DNFServer/GameServer/Manager/DNFPacketTranslater.cpp.o
[24/80] Building CXX object CMakeFiles/manager.dir/home/wangyilei/dnf_workspace/dnf_decompile/source/DNFServer/GameServer/Manager/DNFPacketBuffer.cpp.o
[25/80] Building CXX object CMakeFiles/manager.dir/home/wangyilei/dnf_workspace/dnf_decompile/source/DNFServer/GameServer/Manager/DNFSystemFailSig.cpp.o
[26/80] Building CXX object CMakeFiles/manager.dir/home/wangyilei/dnf_workspace/dnf_decompile/source/DNFServer/GameServer/Manager/DNFTcpSocket.cpp.o
[27/80] Building CXX object CMakeFiles/manager.dir/home/wangyilei/dnf_workspace/dnf_decompile/source/DNFServer/GameServer/Manager/DNFThreadInterface.cpp.o
[28/80] Building CXX object CMakeFiles/manager.dir/home/wangyilei/dnf_workspace/dnf_decompile/source/DNFServer/GameServer/Manager/DNFTcpServerInterface.cpp.o
[29/80] Building CXX object CMakeFiles/manager.dir/home/wangyilei/dnf_workspace/dnf_decompile/source/shared/packet/src/PacketHeader.cpp.o
[30/80] Building CXX object CMakeFiles/manager.dir/home/wangyilei/dnf_workspace/dnf_decompile/source/DNFServer/GameServer/Manager/DNFServerHandler.cpp.o
[31/80] Building CXX object CMakeFiles/manager.dir/home/wangyilei/dnf_workspace/dnf_decompile/source/DNFServer/GameServer/Manager/DNFTcpAcceptThread.cpp.o
[32/80] Building CXX object CMakeFiles/manager.dir/home/wangyilei/dnf_workspace/dnf_decompile/source/DNFServer/ServerCommon/Thread.cpp.o
[33/80] Building CXX object CMakeFiles/manager.dir/home/wangyilei/dnf_workspace/dnf_decompile/source/DNFServer/GameServer/Manager/DNFTcpNetworkThread.cpp.o
[34/80] Building CXX object CMakeFiles/manager.dir/home/wangyilei/dnf_workspace/dnf_decompile/source/DNFServer/GameServer/Manager/DNFTerminateSig.cpp.o
[35/80] Building CXX object CMakeFiles/manager.dir/home/wangyilei/dnf_workspace/dnf_decompile/source/DNFServer/GameServer/Manager/ProhibitUser.cpp.o
[36/80] Building CXX object CMakeFiles/manager.dir/home/wangyilei/dnf_workspace/dnf_decompile/source/DNFServer/GameServer/Manager/DNFTickHandler.cpp.o
[37/80] Building CXX object CMakeFiles/manager.dir/home/wangyilei/dnf_workspace/dnf_decompile/source/DNFServer/GameServer/Manager/DNFUdpHandler.cpp.o
[38/80] Building CXX object CMakeFiles/manager.dir/home/wangyilei/dnf_workspace/dnf_decompile/source/DNFServer/GameServer/Manager/QueryCounter.cpp.o
[39/80] Building CXX object CMakeFiles/manager.dir/home/wangyilei/dnf_workspace/dnf_decompile/source/DNFServer/GameServer/Manager/DNFUser1Sig.cpp.o
[40/80] Building CXX object CMakeFiles/manager.dir/home/wangyilei/dnf_workspace/dnf_decompile/source/Library3rd/MySQL/extlib/yassl/taocrypt/src/aestables.cpp.o
[41/80] Building CXX object CMakeFiles/manager.dir/home/wangyilei/dnf_workspace/dnf_decompile/source/DNFServer/GameServer/Manager/SystemTimeHandler.cpp.o
[42/80] Building CXX object CMakeFiles/manager.dir/home/wangyilei/dnf_workspace/dnf_decompile/source/DNFServer/GameServer/Manager/Peer.cpp.o
[43/80] Building CXX object CMakeFiles/manager.dir/home/wangyilei/dnf_workspace/dnf_decompile/source/Library3rd/MySQL/extlib/yassl/taocrypt/src/arc4.cpp.o
[44/80] Building CXX object CMakeFiles/manager.dir/home/wangyilei/dnf_workspace/dnf_decompile/source/DNFServer/ServerCommon/tinyxmlerror.cpp.o
[45/80] Building CXX object CMakeFiles/manager.dir/home/wangyilei/dnf_workspace/dnf_decompile/source/DNFServer/GameServer/Manager/UserManager.cpp.o
[46/80] Building CXX object CMakeFiles/manager.dir/home/wangyilei/dnf_workspace/dnf_decompile/source/Library3rd/MySQL/extlib/yassl/taocrypt/src/coding.cpp.o
[47/80] Building CXX object CMakeFiles/manager.dir/home/wangyilei/dnf_workspace/dnf_decompile/source/Library3rd/MySQL/extlib/yassl/taocrypt/src/file.cpp.o
[48/80] Building CXX object CMakeFiles/manager.dir/home/wangyilei/dnf_workspace/dnf_decompile/source/Library3rd/MySQL/extlib/yassl/taocrypt/src/dh.cpp.o
[49/80] Building CXX object CMakeFiles/manager.dir/home/wangyilei/dnf_workspace/dnf_decompile/source/Library3rd/MySQL/extlib/yassl/taocrypt/src/hash.cpp.o
[50/80] Building CXX object CMakeFiles/manager.dir/home/wangyilei/dnf_workspace/dnf_decompile/source/Library3rd/MySQL/extlib/yassl/taocrypt/src/md4.cpp.o
[51/80] Building CXX object CMakeFiles/manager.dir/home/wangyilei/dnf_workspace/dnf_decompile/source/Library3rd/MySQL/extlib/yassl/taocrypt/src/aes.cpp.o
[52/80] Building CXX object CMakeFiles/manager.dir/home/wangyilei/dnf_workspace/dnf_decompile/source/Library3rd/MySQL/extlib/yassl/taocrypt/src/des.cpp.o
[53/80] Building CXX object CMakeFiles/manager.dir/home/wangyilei/dnf_workspace/dnf_decompile/source/Library3rd/MySQL/extlib/yassl/taocrypt/src/md2.cpp.o
[54/80] Building CXX object CMakeFiles/manager.dir/home/wangyilei/dnf_workspace/dnf_decompile/source/DNFServer/GameServer/Manager/TcpNetSystem.cpp.o
[55/80] Building CXX object CMakeFiles/manager.dir/home/wangyilei/dnf_workspace/dnf_decompile/source/Library3rd/MySQL/extlib/yassl/taocrypt/src/dsa.cpp.o
[56/80] Building CXX object CMakeFiles/manager.dir/home/wangyilei/dnf_workspace/dnf_decompile/source/Library3rd/MySQL/extlib/yassl/taocrypt/src/misc.cpp.o
[57/80] Building CXX object CMakeFiles/manager.dir/home/wangyilei/dnf_workspace/dnf_decompile/source/Library3rd/MySQL/extlib/yassl/taocrypt/src/random.cpp.o
[58/80] Building CXX object CMakeFiles/manager.dir/home/wangyilei/dnf_workspace/dnf_decompile/source/Library3rd/MySQL/extlib/yassl/taocrypt/src/block_instnt.cpp.o
[59/80] Building CXX object CMakeFiles/manager.dir/home/wangyilei/dnf_workspace/dnf_decompile/source/Library3rd/MySQL/extlib/yassl/taocrypt/src/algebra.cpp.o
[60/80] Building CXX object CMakeFiles/manager.dir/home/wangyilei/dnf_workspace/dnf_decompile/source/Library3rd/MySQL/extlib/yassl/taocrypt/src/md5.cpp.o
[61/80] Building CXX object CMakeFiles/manager.dir/home/wangyilei/dnf_workspace/dnf_decompile/source/Library3rd/MySQL/extlib/yassl/src/buffer.cpp.o
[62/80] Building CXX object CMakeFiles/manager.dir/home/wangyilei/dnf_workspace/dnf_decompile/source/Library3rd/MySQL/extlib/yassl/src/lock.cpp.o
[63/80] Building CXX object CMakeFiles/manager.dir/home/wangyilei/dnf_workspace/dnf_decompile/source/Library3rd/MySQL/extlib/yassl/src/log.cpp.o
[64/80] Building CXX object CMakeFiles/manager.dir/home/wangyilei/dnf_workspace/dnf_decompile/source/Library3rd/MySQL/extlib/yassl/taocrypt/src/rsa.cpp.o
[65/80] Building CXX object CMakeFiles/manager.dir/home/wangyilei/dnf_workspace/dnf_decompile/source/Library3rd/MySQL/extlib/yassl/src/socket_wrapper.cpp.o
[66/80] Building CXX object CMakeFiles/manager.dir/home/wangyilei/dnf_workspace/dnf_decompile/source/Library3rd/MySQL/extlib/yassl/taocrypt/src/asn.cpp.o
[67/80] Building CXX object CMakeFiles/manager.dir/home/wangyilei/dnf_workspace/dnf_decompile/source/Library3rd/MySQL/extlib/yassl/taocrypt/src/ripemd.cpp.o
[68/80] Building CXX object CMakeFiles/manager.dir/home/wangyilei/dnf_workspace/dnf_decompile/source/Library3rd/MySQL/extlib/yassl/src/timer.cpp.o
[69/80] Building CXX object CMakeFiles/manager.dir/home/wangyilei/dnf_workspace/dnf_decompile/source/Library3rd/MySQL/extlib/yassl/src/yassl_error.cpp.o
[70/80] Building CXX object CMakeFiles/manager.dir/home/wangyilei/dnf_workspace/dnf_decompile/source/Library3rd/MySQL/extlib/yassl/src/cert_wrapper.cpp.o
[71/80] Building CXX object CMakeFiles/manager.dir/home/wangyilei/dnf_workspace/dnf_decompile/source/DNFServer/ServerCommon/tinyxmlparser.cpp.o
[72/80] Building CXX object CMakeFiles/manager.dir/home/wangyilei/dnf_workspace/dnf_decompile/source/Library3rd/MySQL/extlib/yassl/taocrypt/src/sha.cpp.o
[73/80] Building CXX object CMakeFiles/manager.dir/home/wangyilei/dnf_workspace/dnf_decompile/source/Library3rd/MySQL/extlib/yassl/src/ssl.cpp.o
[74/80] Building CXX object CMakeFiles/manager.dir/home/wangyilei/dnf_workspace/dnf_decompile/source/DNFServer/ServerCommon/tinyxml.cpp.o
[75/80] Building CXX object CMakeFiles/manager.dir/home/wangyilei/dnf_workspace/dnf_decompile/source/Library3rd/MySQL/extlib/yassl/src/handshake.cpp.o
[76/80] Building CXX object CMakeFiles/manager.dir/home/wangyilei/dnf_workspace/dnf_decompile/source/Library3rd/MySQL/extlib/yassl/src/crypto_wrapper.cpp.o
[77/80] Building CXX object CMakeFiles/manager.dir/home/wangyilei/dnf_workspace/dnf_decompile/source/Library3rd/MySQL/extlib/yassl/src/yassl_int.cpp.o
[78/80] Building CXX object CMakeFiles/manager.dir/home/wangyilei/dnf_workspace/dnf_decompile/source/Library3rd/MySQL/extlib/yassl/src/yassl_imp.cpp.o
[79/80] Building CXX object CMakeFiles/manager.dir/home/wangyilei/dnf_workspace/dnf_decompile/source/Library3rd/MySQL/extlib/yassl/taocrypt/src/integer.cpp.o
[80/80] Linking CXX executable df_manager_r
OK -> /home/wangyilei/dnf_workspace/dnf_decompile/build/manager/df_manager_r
